// Jest Snapshot v1, https://goo.gl/fbAQLP

exports[`Pruebas en <RealExampleRef /> Debe mostrase correctamente 1`] = `
<div>
  <h1>
    RealExampleRef
  </h1>
  <hr />
  <button
    className="btn btn-primary mt-3"
    onClick={[Function]}
  >
    Mostrar
  </button>
</div>
`;
